// Jest Snapshot v1, https://goo.gl/fbAQLP

exports[`FiveHundredPixelsPage should render correctly 1`] = `
<Page>
  <withRouter(WithStyles(PageHeader)) />
  <h1>
    500px
  </h1>
</Page>
`;
