// Jest Snapshot v1, https://goo.gl/fbAQLP

exports[`HomePage should render correctly 1`] = `
<Page>
  <withRouter(WithStyles(PageHeader)) />
  <h1>
    Home
  </h1>
</Page>
`;
